../Core/Src/main.c:69:6:ADC_Select_CH0	24	static
../Core/Src/main.c:83:6:ADC_Select_CH1	24	static
../Core/Src/main.c:113:5:main	32	static
../Core/Src/main.c:244:6:SystemClock_Config	88	static
../Core/Src/main.c:291:13:MX_ADC1_Init	24	static
../Core/Src/main.c:347:13:MX_SPI1_Init	8	static
../Core/Src/main.c:385:13:MX_TIM1_Init	32	static
../Core/Src/main.c:431:13:MX_TIM4_Init	32	static
../Core/Src/main.c:476:13:MX_GPIO_Init	40	static
../Core/Src/main.c:542:6:Error_Handler	4	static,ignoring_inline_asm
